	Adding nVidia Cuda Toolkit 11.8
	Adding nvtop
Date              = Mon Nov 18 03:50:37 PM CET 2024
Hostname          = ctit090
Working Directory = /home/s2587130/SpeechLaughRecogniser
Name of nodes used          : ctit090
Gpu devices                 : 0
Starting worker: 
Number of CPU cores = 16
SLURM_CPUS_PER_TASK:          16
Using the latest cached version of the module from /home/s2587130/.cache/huggingface/modules/evaluate_modules/metrics/evaluate-metric--wer/85bee9e4216a78bb09b2d0d500f6af5c23da58f9210e661add540f5df6630fcd (last modified on Wed Sep 25 23:03:17 2024) since it couldn't be found locally at evaluate-metric--wer, or remotely on the Hugging Face Hub.
Using the latest cached version of the module from /home/s2587130/.cache/huggingface/modules/evaluate_modules/metrics/evaluate-metric--f1/0ca73f6cf92ef5a268320c697f7b940d1030f8471714bffdb6856c641b818974 (last modified on Fri Oct 18 01:06:07 2024) since it couldn't be found locally at evaluate-metric--f1, or remotely on the Hugging Face Hub.
Setting TOKENIZERS_PARALLELISM=false for forked processes.
CUDA available: True
CUDA device count: 1
CUDA device name: NVIDIA A40
Device:  cuda
Number of available CPUs: 16
Using multiprocessing workers: 16
Number of multiprocessing workers: 16
Loading the dataset as HuggingFace Dataset...
Only taking 10.0% of the dataset
Split = both. Returning both train and test set...
Dataset Loaded....

Train Dataset: Dataset({
    features: ['audio', 'sampling_rate', 'transcript'],
    num_rows: 23023
})
Validation Dataset: Dataset({
    features: ['audio', 'sampling_rate', 'transcript'],
    num_rows: 2559
})
------------------------------------------------------

Processing dataset (num_proc=16) (num_proc=16):   0%|          | 0/23023 [00:00<?, ? examples/s]
Processing dataset (num_proc=16) (num_proc=16):   0%|          | 100/23023 [01:46<6:47:30,  1.07s/ examples]
Processing dataset (num_proc=16) (num_proc=16):   7%|▋         | 1700/23023 [02:51<29:38, 11.99 examples/s] 
Processing dataset (num_proc=16) (num_proc=16):   8%|▊         | 1800/23023 [02:51<27:13, 13.00 examples/s]
Processing dataset (num_proc=16) (num_proc=16):   8%|▊         | 1900/23023 [02:53<25:08, 14.00 examples/s]
Processing dataset (num_proc=16) (num_proc=16):   9%|▊         | 2000/23023 [02:54<22:07, 15.83 examples/s]
Processing dataset (num_proc=16) (num_proc=16):  10%|▉         | 2200/23023 [02:54<16:18, 21.29 examples/s]
Processing dataset (num_proc=16) (num_proc=16):  10%|█         | 2400/23023 [02:54<11:47, 29.17 examples/s]
Processing dataset (num_proc=16) (num_proc=16):  11%|█         | 2500/23023 [02:54<09:52, 34.62 examples/s]
Processing dataset (num_proc=16) (num_proc=16):  11%|█▏        | 2600/23023 [02:55<08:04, 42.11 examples/s]
Processing dataset (num_proc=16) (num_proc=16):  12%|█▏        | 2800/23023 [02:55<05:15, 64.06 examples/s]
Processing dataset (num_proc=16) (num_proc=16):  13%|█▎        | 3100/23023 [02:55<03:00, 110.08 examples/s]
Processing dataset (num_proc=16) (num_proc=16):  14%|█▍        | 3200/23023 [03:05<03:00, 110.08 examples/s]
Processing dataset (num_proc=16) (num_proc=16):  14%|█▍        | 3300/23023 [03:44<25:20, 12.98 examples/s] 
Processing dataset (num_proc=16) (num_proc=16):  15%|█▍        | 3400/23023 [03:44<21:09, 15.46 examples/s]
Processing dataset (num_proc=16) (num_proc=16):  15%|█▍        | 3400/23023 [03:55<21:09, 15.46 examples/s]
Processing dataset (num_proc=16) (num_proc=16):  15%|█▌        | 3500/23023 [03:57<25:27, 12.78 examples/s]
Processing dataset (num_proc=16) (num_proc=16):  16%|█▌        | 3600/23023 [03:58<20:10, 16.05 examples/s]
Processing dataset (num_proc=16) (num_proc=16):  16%|█▌        | 3700/23023 [04:00<16:43, 19.26 examples/s]
Processing dataset (num_proc=16) (num_proc=16):  17%|█▋        | 3800/23023 [04:08<18:51, 16.99 examples/s]
Processing dataset (num_proc=16) (num_proc=16):  18%|█▊        | 4200/23023 [04:09<07:57, 39.43 examples/s]
Processing dataset (num_proc=16) (num_proc=16):  19%|█▉        | 4400/23023 [04:09<05:49, 53.21 examples/s]
Processing dataset (num_proc=16) (num_proc=16):  20%|█▉        | 4500/23023 [04:10<04:53, 63.17 examples/s]
Processing dataset (num_proc=16) (num_proc=16):  20%|██        | 4700/23023 [04:10<03:16, 93.19 examples/s]
Processing dataset (num_proc=16) (num_proc=16):  21%|██        | 4800/23023 [04:10<02:45, 109.83 examples/s]
Processing dataset (num_proc=16) (num_proc=16):  21%|██        | 4800/23023 [04:28<02:45, 109.83 examples/s]
Processing dataset (num_proc=16) (num_proc=16):  21%|██▏       | 4900/23023 [04:41<22:35, 13.37 examples/s] 
Processing dataset (num_proc=16) (num_proc=16):  22%|██▏       | 5000/23023 [04:45<19:35, 15.33 examples/s]
Processing dataset (num_proc=16) (num_proc=16):  22%|██▏       | 5100/23023 [04:51<19:32, 15.29 examples/s]
Processing dataset (num_proc=16) (num_proc=16):  23%|██▎       | 5200/23023 [04:54<16:17, 18.23 examples/s]
Processing dataset (num_proc=16) (num_proc=16):  23%|██▎       | 5300/23023 [04:54<12:00, 24.59 examples/s]
Processing dataset (num_proc=16) (num_proc=16):  23%|██▎       | 5400/23023 [04:55<09:25, 31.15 examples/s]
Processing dataset (num_proc=16) (num_proc=16):  24%|██▍       | 5500/23023 [04:56<07:08, 40.90 examples/s]
Processing dataset (num_proc=16) (num_proc=16):  25%|██▍       | 5700/23023 [04:56<03:56, 73.09 examples/s]
Processing dataset (num_proc=16) (num_proc=16):  25%|██▌       | 5800/23023 [04:57<03:37, 79.18 examples/s]
Processing dataset (num_proc=16) (num_proc=16):  26%|██▌       | 6000/23023 [04:57<02:32, 111.86 examples/s]
Processing dataset (num_proc=16) (num_proc=16):  26%|██▋       | 6100/23023 [04:58<02:15, 124.56 examples/s]
Processing dataset (num_proc=16) (num_proc=16):  27%|██▋       | 6200/23023 [04:58<01:48, 155.56 examples/s]
Processing dataset (num_proc=16) (num_proc=16):  27%|██▋       | 6300/23023 [04:59<02:13, 125.37 examples/s]
Processing dataset (num_proc=16) (num_proc=16):  28%|██▊       | 6400/23023 [05:01<02:56, 94.36 examples/s] 
Processing dataset (num_proc=16) (num_proc=16):  28%|██▊       | 6400/23023 [05:18<02:56, 94.36 examples/s]
Processing dataset (num_proc=16) (num_proc=16):  28%|██▊       | 6500/23023 [05:35<28:01,  9.83 examples/s]
Processing dataset (num_proc=16) (num_proc=16):  29%|██▊       | 6600/23023 [05:40<24:02, 11.38 examples/s]
Processing dataset (num_proc=16) (num_proc=16):  29%|██▉       | 6700/23023 [05:48<22:43, 11.97 examples/s]
Processing dataset (num_proc=16) (num_proc=16):  30%|██▉       | 6800/23023 [05:52<19:28, 13.88 examples/s]
Processing dataset (num_proc=16) (num_proc=16):  30%|██▉       | 6900/23023 [05:52<13:52, 19.36 examples/s]
Processing dataset (num_proc=16) (num_proc=16):  30%|███       | 7000/23023 [05:53<10:10, 26.26 examples/s]
Processing dataset (num_proc=16) (num_proc=16):  31%|███       | 7100/23023 [05:53<07:28, 35.49 examples/s]
Processing dataset (num_proc=16) (num_proc=16):  31%|███▏      | 7200/23023 [05:54<05:50, 45.17 examples/s]
Processing dataset (num_proc=16) (num_proc=16):  32%|███▏      | 7300/23023 [05:55<05:08, 50.90 examples/s]
Processing dataset (num_proc=16) (num_proc=16):  32%|███▏      | 7400/23023 [05:58<05:17, 49.22 examples/s]
Processing dataset (num_proc=16) (num_proc=16):  33%|███▎      | 7500/23023 [06:02<06:55, 37.35 examples/s]
Processing dataset (num_proc=16) (num_proc=16):  34%|███▍      | 7900/23023 [06:03<02:54, 86.42 examples/s]
Processing dataset (num_proc=16) (num_proc=16):  35%|███▍      | 8000/23023 [06:07<04:03, 61.71 examples/s]
Processing dataset (num_proc=16) (num_proc=16):  35%|███▍      | 8000/23023 [06:22<04:03, 61.71 examples/s]
Processing dataset (num_proc=16) (num_proc=16):  35%|███▌      | 8100/23023 [06:43<21:52, 11.37 examples/s]
Processing dataset (num_proc=16) (num_proc=16):  36%|███▌      | 8200/23023 [06:44<17:30, 14.11 examples/s]
Processing dataset (num_proc=16) (num_proc=16):  36%|███▌      | 8300/23023 [06:53<18:23, 13.34 examples/s]
Processing dataset (num_proc=16) (num_proc=16):  36%|███▋      | 8400/23023 [06:56<15:22, 15.85 examples/s]
Processing dataset (num_proc=16) (num_proc=16):  37%|███▋      | 8500/23023 [06:59<13:10, 18.37 examples/s]
Processing dataset (num_proc=16) (num_proc=16):  38%|███▊      | 8700/23023 [06:59<07:29, 31.87 examples/s]
Processing dataset (num_proc=16) (num_proc=16):  38%|███▊      | 8800/23023 [06:59<05:49, 40.68 examples/s]
Processing dataset (num_proc=16) (num_proc=16):  39%|███▊      | 8900/23023 [07:00<04:46, 49.23 examples/s]
Processing dataset (num_proc=16) (num_proc=16):  39%|███▉      | 9000/23023 [07:00<03:33, 65.71 examples/s]
Processing dataset (num_proc=16) (num_proc=16):  40%|███▉      | 9100/23023 [07:02<03:50, 60.48 examples/s]
Processing dataset (num_proc=16) (num_proc=16):  40%|███▉      | 9200/23023 [07:03<02:58, 77.57 examples/s]
Processing dataset (num_proc=16) (num_proc=16):  40%|████      | 9300/23023 [07:04<03:11, 71.58 examples/s]
Processing dataset (num_proc=16) (num_proc=16):  41%|████      | 9400/23023 [07:05<02:36, 86.91 examples/s]
Processing dataset (num_proc=16) (num_proc=16):  41%|████▏     | 9500/23023 [07:05<01:58, 113.69 examples/s]
Processing dataset (num_proc=16) (num_proc=16):  42%|████▏     | 9600/23023 [07:22<01:58, 113.69 examples/s]
Processing dataset (num_proc=16) (num_proc=16):  42%|████▏     | 9700/23023 [07:35<16:08, 13.76 examples/s] 
Processing dataset (num_proc=16) (num_proc=16):  43%|████▎     | 9800/23023 [07:36<12:26, 17.71 examples/s]
Processing dataset (num_proc=16) (num_proc=16):  43%|████▎     | 9900/23023 [07:42<12:48, 17.07 examples/s]
Processing dataset (num_proc=16) (num_proc=16):  43%|████▎     | 10000/23023 [07:49<13:08, 16.52 examples/s]
Processing dataset (num_proc=16) (num_proc=16):  44%|████▍     | 10100/23023 [07:53<11:46, 18.29 examples/s]
Processing dataset (num_proc=16) (num_proc=16):  44%|████▍     | 10200/23023 [07:55<09:39, 22.12 examples/s]
Processing dataset (num_proc=16) (num_proc=16):  45%|████▍     | 10300/23023 [07:55<06:53, 30.73 examples/s]
Processing dataset (num_proc=16) (num_proc=16):  45%|████▌     | 10400/23023 [07:55<05:01, 41.84 examples/s]
Processing dataset (num_proc=16) (num_proc=16):  46%|████▌     | 10500/23023 [07:56<04:09, 50.17 examples/s]
Processing dataset (num_proc=16) (num_proc=16):  46%|████▌     | 10600/23023 [08:00<05:15, 39.33 examples/s]
Processing dataset (num_proc=16) (num_proc=16):  47%|████▋     | 10800/23023 [08:00<02:58, 68.42 examples/s]
Processing dataset (num_proc=16) (num_proc=16):  47%|████▋     | 10900/23023 [08:03<03:35, 56.35 examples/s]
Processing dataset (num_proc=16) (num_proc=16):  48%|████▊     | 11000/23023 [08:03<02:41, 74.53 examples/s]
Processing dataset (num_proc=16) (num_proc=16):  48%|████▊     | 11100/23023 [08:05<02:59, 66.32 examples/s]
Processing dataset (num_proc=16) (num_proc=16):  49%|████▊     | 11200/23023 [08:05<02:17, 86.02 examples/s]
Processing dataset (num_proc=16) (num_proc=16):  49%|████▊     | 11200/23023 [08:22<02:17, 86.02 examples/s]
Processing dataset (num_proc=16) (num_proc=16):  49%|████▉     | 11300/23023 [08:31<15:40, 12.47 examples/s]
Processing dataset (num_proc=16) (num_proc=16):  50%|████▉     | 11400/23023 [08:32<11:43, 16.52 examples/s]
Processing dataset (num_proc=16) (num_proc=16):  50%|████▉     | 11500/23023 [08:36<10:46, 17.84 examples/s]
Processing dataset (num_proc=16) (num_proc=16):  50%|█████     | 11600/23023 [08:41<10:17, 18.50 examples/s]
Processing dataset (num_proc=16) (num_proc=16):  51%|█████     | 11700/23023 [08:43<08:18, 22.71 examples/s]
Processing dataset (num_proc=16) (num_proc=16):  52%|█████▏    | 11900/23023 [08:44<04:29, 41.25 examples/s]
Processing dataset (num_proc=16) (num_proc=16):  52%|█████▏    | 12000/23023 [08:44<03:25, 53.55 examples/s]
Processing dataset (num_proc=16) (num_proc=16):  53%|█████▎    | 12100/23023 [08:45<02:57, 61.54 examples/s]
Processing dataset (num_proc=16) (num_proc=16):  53%|█████▎    | 12200/23023 [08:46<02:34, 70.08 examples/s]
Processing dataset (num_proc=16) (num_proc=16):  53%|█████▎    | 12300/23023 [08:48<02:55, 61.18 examples/s]
Processing dataset (num_proc=16) (num_proc=16):  54%|█████▍    | 12400/23023 [08:49<02:45, 64.37 examples/s]
Processing dataset (num_proc=16) (num_proc=16):  54%|█████▍    | 12500/23023 [08:50<02:23, 73.13 examples/s]
Processing dataset (num_proc=16) (num_proc=16):  55%|█████▍    | 12600/23023 [08:52<02:30, 69.12 examples/s]
Processing dataset (num_proc=16) (num_proc=16):  55%|█████▌    | 12700/23023 [08:56<03:47, 45.38 examples/s]
Processing dataset (num_proc=16) (num_proc=16):  56%|█████▌    | 12800/23023 [08:56<02:50, 59.82 examples/s]
Processing dataset (num_proc=16) (num_proc=16):  56%|█████▌    | 12800/23023 [09:12<02:50, 59.82 examples/s]
Processing dataset (num_proc=16) (num_proc=16):  56%|█████▌    | 12900/23023 [09:24<16:07, 10.46 examples/s]
Processing dataset (num_proc=16) (num_proc=16):  56%|█████▋    | 13000/23023 [09:26<12:08, 13.77 examples/s]
Processing dataset (num_proc=16) (num_proc=16):  57%|█████▋    | 13100/23023 [09:28<09:13, 17.92 examples/s]
Processing dataset (num_proc=16) (num_proc=16):  57%|█████▋    | 13200/23023 [09:34<09:31, 17.19 examples/s]
Processing dataset (num_proc=16) (num_proc=16):  58%|█████▊    | 13300/23023 [09:37<08:04, 20.06 examples/s]
Processing dataset (num_proc=16) (num_proc=16):  58%|█████▊    | 13400/23023 [09:42<07:44, 20.70 examples/s]
Processing dataset (num_proc=16) (num_proc=16):  59%|█████▊    | 13500/23023 [09:42<05:43, 27.68 examples/s]
Processing dataset (num_proc=16) (num_proc=16):  59%|█████▉    | 13600/23023 [09:47<05:58, 26.28 examples/s]
Processing dataset (num_proc=16) (num_proc=16):  60%|█████▉    | 13700/23023 [09:47<04:19, 35.97 examples/s]
Processing dataset (num_proc=16) (num_proc=16):  61%|██████    | 14000/23023 [09:48<01:59, 75.62 examples/s]
Processing dataset (num_proc=16) (num_proc=16):  61%|██████    | 14100/23023 [09:48<01:45, 84.88 examples/s]
Processing dataset (num_proc=16) (num_proc=16):  62%|██████▏   | 14200/23023 [09:49<01:38, 89.75 examples/s]
Processing dataset (num_proc=16) (num_proc=16):  62%|██████▏   | 14300/23023 [09:54<03:08, 46.25 examples/s]
Processing dataset (num_proc=16) (num_proc=16):  63%|██████▎   | 14400/23023 [09:56<03:04, 46.85 examples/s]
Processing dataset (num_proc=16) (num_proc=16):  63%|██████▎   | 14500/23023 [10:06<05:56, 23.89 examples/s]
Processing dataset (num_proc=16) (num_proc=16):  63%|██████▎   | 14600/23023 [10:10<05:53, 23.82 examples/s]
Processing dataset (num_proc=16) (num_proc=16):  64%|██████▍   | 14700/23023 [10:12<04:43, 29.31 examples/s]
Processing dataset (num_proc=16) (num_proc=16):  64%|██████▍   | 14800/23023 [10:21<07:03, 19.42 examples/s]
Processing dataset (num_proc=16) (num_proc=16):  65%|██████▍   | 14900/23023 [10:22<05:15, 25.77 examples/s]
Processing dataset (num_proc=16) (num_proc=16):  65%|██████▌   | 15000/23023 [10:25<04:44, 28.25 examples/s]
Processing dataset (num_proc=16) (num_proc=16):  66%|██████▌   | 15100/23023 [10:25<03:22, 39.22 examples/s]
Processing dataset (num_proc=16) (num_proc=16):  66%|██████▌   | 15200/23023 [10:25<02:26, 53.28 examples/s]
Processing dataset (num_proc=16) (num_proc=16):  66%|██████▋   | 15300/23023 [10:27<02:15, 57.05 examples/s]
Processing dataset (num_proc=16) (num_proc=16):  67%|██████▋   | 15400/23023 [10:28<01:54, 66.50 examples/s]
Processing dataset (num_proc=16) (num_proc=16):  67%|██████▋   | 15500/23023 [10:28<01:36, 78.25 examples/s]
Processing dataset (num_proc=16) (num_proc=16):  68%|██████▊   | 15600/23023 [10:30<01:31, 81.44 examples/s]
Processing dataset (num_proc=16) (num_proc=16):  68%|██████▊   | 15700/23023 [10:30<01:07, 108.83 examples/s]
Processing dataset (num_proc=16) (num_proc=16):  69%|██████▊   | 15800/23023 [10:30<00:51, 141.08 examples/s]
Processing dataset (num_proc=16) (num_proc=16):  69%|██████▉   | 15900/23023 [10:33<01:33, 75.83 examples/s] 
Processing dataset (num_proc=16) (num_proc=16):  70%|██████▉   | 16100/23023 [10:45<04:10, 27.64 examples/s]
Processing dataset (num_proc=16) (num_proc=16):  70%|███████   | 16200/23023 [10:52<05:03, 22.49 examples/s]
Processing dataset (num_proc=16) (num_proc=16):  71%|███████   | 16300/23023 [10:53<03:45, 29.78 examples/s]
Processing dataset (num_proc=16) (num_proc=16):  71%|███████   | 16400/23023 [10:55<03:27, 31.94 examples/s]
Processing dataset (num_proc=16) (num_proc=16):  72%|███████▏  | 16500/23023 [11:02<04:34, 23.78 examples/s]
Processing dataset (num_proc=16) (num_proc=16):  72%|███████▏  | 16600/23023 [11:02<03:18, 32.29 examples/s]
Processing dataset (num_proc=16) (num_proc=16):  73%|███████▎  | 16700/23023 [11:04<02:41, 39.17 examples/s]
Processing dataset (num_proc=16) (num_proc=16):  73%|███████▎  | 16800/23023 [11:04<02:02, 50.73 examples/s]
Processing dataset (num_proc=16) (num_proc=16):  74%|███████▍  | 17000/23023 [11:04<01:08, 88.40 examples/s]
Processing dataset (num_proc=16) (num_proc=16):  74%|███████▍  | 17100/23023 [11:05<00:53, 111.31 examples/s]
Processing dataset (num_proc=16) (num_proc=16):  75%|███████▍  | 17200/23023 [11:05<00:52, 110.62 examples/s]
Processing dataset (num_proc=16) (num_proc=16):  75%|███████▌  | 17300/23023 [11:07<00:59, 95.87 examples/s] 
Processing dataset (num_proc=16) (num_proc=16):  76%|███████▌  | 17400/23023 [11:08<01:04, 87.80 examples/s]
Processing dataset (num_proc=16) (num_proc=16):  76%|███████▌  | 17500/23023 [11:10<01:13, 75.33 examples/s]
Processing dataset (num_proc=16) (num_proc=16):  76%|███████▋  | 17600/23023 [11:12<01:21, 66.57 examples/s]
Processing dataset (num_proc=16) (num_proc=16):  77%|███████▋  | 17700/23023 [11:23<03:53, 22.82 examples/s]
Processing dataset (num_proc=16) (num_proc=16):  77%|███████▋  | 17800/23023 [11:29<04:15, 20.42 examples/s]
Processing dataset (num_proc=16) (num_proc=16):  78%|███████▊  | 17900/23023 [11:30<02:58, 28.72 examples/s]
Processing dataset (num_proc=16) (num_proc=16):  78%|███████▊  | 18000/23023 [11:32<02:36, 32.00 examples/s]
Processing dataset (num_proc=16) (num_proc=16):  79%|███████▊  | 18100/23023 [11:42<04:23, 18.70 examples/s]
Processing dataset (num_proc=16) (num_proc=16):  79%|███████▉  | 18200/23023 [11:44<03:17, 24.40 examples/s]
Processing dataset (num_proc=16) (num_proc=16):  79%|███████▉  | 18300/23023 [11:49<03:25, 23.01 examples/s]
Processing dataset (num_proc=16) (num_proc=16):  80%|███████▉  | 18400/23023 [11:49<02:24, 31.90 examples/s]
Processing dataset (num_proc=16) (num_proc=16):  80%|████████  | 18500/23023 [11:49<01:41, 44.54 examples/s]
Processing dataset (num_proc=16) (num_proc=16):  81%|████████  | 18600/23023 [11:49<01:15, 58.38 examples/s]
Processing dataset (num_proc=16) (num_proc=16):  81%|████████  | 18700/23023 [11:51<01:14, 58.14 examples/s]
Processing dataset (num_proc=16) (num_proc=16):  82%|████████▏ | 18800/23023 [11:51<00:52, 79.86 examples/s]
Processing dataset (num_proc=16) (num_proc=16):  82%|████████▏ | 18900/23023 [11:52<00:38, 106.27 examples/s]
Processing dataset (num_proc=16) (num_proc=16):  83%|████████▎ | 19000/23023 [11:53<00:45, 88.61 examples/s] 
Processing dataset (num_proc=16) (num_proc=16):  83%|████████▎ | 19100/23023 [11:55<00:53, 73.06 examples/s]
Processing dataset (num_proc=16) (num_proc=16):  83%|████████▎ | 19200/23023 [11:56<00:48, 78.94 examples/s]
Processing dataset (num_proc=16) (num_proc=16):  83%|████████▎ | 19200/23023 [12:08<00:48, 78.94 examples/s]
Processing dataset (num_proc=16) (num_proc=16):  84%|████████▍ | 19300/23023 [12:16<04:16, 14.50 examples/s]
Processing dataset (num_proc=16) (num_proc=16):  84%|████████▍ | 19400/23023 [12:31<05:40, 10.65 examples/s]
Processing dataset (num_proc=16) (num_proc=16):  85%|████████▍ | 19500/23023 [12:34<04:16, 13.73 examples/s]
Processing dataset (num_proc=16) (num_proc=16):  86%|████████▌ | 19700/23023 [12:37<02:31, 21.89 examples/s]
Processing dataset (num_proc=16) (num_proc=16):  86%|████████▌ | 19800/23023 [12:40<02:17, 23.38 examples/s]
Processing dataset (num_proc=16) (num_proc=16):  86%|████████▋ | 19900/23023 [12:42<01:56, 26.81 examples/s]
Processing dataset (num_proc=16) (num_proc=16):  87%|████████▋ | 20000/23023 [12:43<01:31, 32.94 examples/s]
Processing dataset (num_proc=16) (num_proc=16):  88%|████████▊ | 20300/23023 [12:46<00:53, 51.34 examples/s]
Processing dataset (num_proc=16) (num_proc=16):  89%|████████▉ | 20500/23023 [12:49<00:44, 56.41 examples/s]
Processing dataset (num_proc=16) (num_proc=16):  89%|████████▉ | 20600/23023 [12:49<00:35, 69.03 examples/s]
Processing dataset (num_proc=16) (num_proc=16):  90%|████████▉ | 20700/23023 [12:50<00:29, 80.04 examples/s]
Processing dataset (num_proc=16) (num_proc=16):  90%|█████████ | 20800/23023 [12:50<00:23, 94.90 examples/s]
Processing dataset (num_proc=16) (num_proc=16):  91%|█████████ | 20900/23023 [13:05<01:37, 21.87 examples/s]
Processing dataset (num_proc=16) (num_proc=16):  91%|█████████ | 21000/23023 [13:08<01:24, 23.93 examples/s]
Processing dataset (num_proc=16) (num_proc=16):  92%|█████████▏| 21100/23023 [13:10<01:06, 28.83 examples/s]
Processing dataset (num_proc=16) (num_proc=16):  92%|█████████▏| 21200/23023 [13:11<00:50, 36.05 examples/s]
Processing dataset (num_proc=16) (num_proc=16):  93%|█████████▎| 21300/23023 [13:11<00:35, 48.27 examples/s]
Processing dataset (num_proc=16) (num_proc=16):  93%|█████████▎| 21400/23023 [13:16<00:48, 33.40 examples/s]
Processing dataset (num_proc=16) (num_proc=16):  94%|█████████▍| 21600/23023 [13:18<00:28, 49.87 examples/s]
Processing dataset (num_proc=16) (num_proc=16):  94%|█████████▍| 21639/23023 [13:21<00:35, 39.16 examples/s]
Processing dataset (num_proc=16) (num_proc=16):  94%|█████████▍| 21739/23023 [13:21<00:23, 53.94 examples/s]
Processing dataset (num_proc=16) (num_proc=16):  95%|█████████▍| 21839/23023 [13:21<00:17, 68.90 examples/s]
Processing dataset (num_proc=16) (num_proc=16):  95%|█████████▌| 21939/23023 [13:23<00:16, 64.30 examples/s]
Processing dataset (num_proc=16) (num_proc=16):  95%|█████████▌| 21978/23023 [13:24<00:15, 66.95 examples/s]
Processing dataset (num_proc=16) (num_proc=16):  96%|█████████▌| 22017/23023 [13:25<00:18, 55.71 examples/s]
Processing dataset (num_proc=16) (num_proc=16):  97%|█████████▋| 22295/23023 [13:25<00:05, 145.43 examples/s]
Processing dataset (num_proc=16) (num_proc=16):  97%|█████████▋| 22395/23023 [13:27<00:06, 94.03 examples/s] 
Processing dataset (num_proc=16) (num_proc=16):  98%|█████████▊| 22495/23023 [13:28<00:05, 101.74 examples/s]
Processing dataset (num_proc=16) (num_proc=16):  98%|█████████▊| 22634/23023 [13:29<00:02, 129.85 examples/s]
Processing dataset (num_proc=16) (num_proc=16):  99%|█████████▊| 22712/23023 [13:33<00:05, 57.67 examples/s] 
Processing dataset (num_proc=16) (num_proc=16):  99%|█████████▉| 22750/23023 [13:36<00:07, 38.98 examples/s]
Processing dataset (num_proc=16) (num_proc=16):  99%|█████████▉| 22789/23023 [13:40<00:08, 26.98 examples/s]
Processing dataset (num_proc=16) (num_proc=16):  99%|█████████▉| 22828/23023 [13:40<00:06, 31.34 examples/s]
Processing dataset (num_proc=16) (num_proc=16):  99%|█████████▉| 22867/23023 [13:41<00:04, 32.46 examples/s]
Processing dataset (num_proc=16) (num_proc=16):  99%|█████████▉| 22906/23023 [13:41<00:02, 40.36 examples/s]
Processing dataset (num_proc=16) (num_proc=16): 100%|█████████▉| 22945/23023 [13:41<00:01, 48.84 examples/s]
Processing dataset (num_proc=16) (num_proc=16): 100%|█████████▉| 22984/23023 [13:42<00:00, 52.63 examples/s]
Processing dataset (num_proc=16) (num_proc=16): 100%|██████████| 23023/23023 [13:42<00:00, 63.18 examples/s]
Processing dataset (num_proc=16) (num_proc=16): 100%|██████████| 23023/23023 [13:45<00:00, 27.90 examples/s]
Setting TOKENIZERS_PARALLELISM=false for forked processes.

Processing dataset (num_proc=16) (num_proc=16):   0%|          | 0/2559 [00:00<?, ? examples/s]
Processing dataset (num_proc=16) (num_proc=16):   4%|▍         | 100/2559 [01:05<26:47,  1.53 examples/s]
Processing dataset (num_proc=16) (num_proc=16):  16%|█▌        | 400/2559 [01:05<04:27,  8.07 examples/s]
Processing dataset (num_proc=16) (num_proc=16):  27%|██▋       | 700/2559 [01:05<01:47, 17.35 examples/s]
Processing dataset (num_proc=16) (num_proc=16):  59%|█████▊    | 1500/2559 [01:05<00:20, 52.44 examples/s]
Processing dataset (num_proc=16) (num_proc=16):  63%|██████▎   | 1600/2559 [01:21<00:18, 52.44 examples/s]
Processing dataset (num_proc=16) (num_proc=16):  65%|██████▍   | 1660/2559 [01:40<00:45, 19.77 examples/s]
Processing dataset (num_proc=16) (num_proc=16):  67%|██████▋   | 1719/2559 [01:41<00:40, 20.66 examples/s]
Processing dataset (num_proc=16) (num_proc=16):  77%|███████▋  | 1959/2559 [01:42<00:21, 28.44 examples/s]
Processing dataset (num_proc=16) (num_proc=16):  84%|████████▎ | 2139/2559 [01:43<00:11, 37.34 examples/s]
Processing dataset (num_proc=16) (num_proc=16):  88%|████████▊ | 2259/2559 [01:43<00:06, 44.75 examples/s]
Processing dataset (num_proc=16) (num_proc=16):  98%|█████████▊| 2499/2559 [01:43<00:00, 68.66 examples/s]
Processing dataset (num_proc=16) (num_proc=16): 100%|██████████| 2559/2559 [01:44<00:00, 24.57 examples/s]
max_steps is given, it will override any value given in num_train_epochs
Processed training dataset size: 23023
Dataset features: {'input_features': Sequence(feature=Sequence(feature=Value(dtype='float32', id=None), length=-1, id=None), length=-1, id=None), 'labels': Sequence(feature=Value(dtype='int64', id=None), length=-1, id=None)}

Metrics tracking started.
Saving metrics every 2000 steps
Metrics will be saved to: ./checkpoints/metrics/

Training started with 16 processes
CPU cores available: 64
PyTorch threads: 16

  0%|          | 0/5000 [00:00<?, ?it/s]Traceback (most recent call last):
  File "/home/s2587130/SpeechLaughRecogniser/SpeechLaughRecognition.py", line 632, in SpeechLaughWhisper
    raise e
  File "/home/s2587130/SpeechLaughRecogniser/SpeechLaughRecognition.py", line 621, in SpeechLaughWhisper
    trainer.train()
  File "/home/s2587130/SpeechLaughRecogniser/.venv/lib/python3.10/site-packages/transformers/trainer.py", line 1938, in train
    return inner_training_loop(
  File "/home/s2587130/SpeechLaughRecogniser/.venv/lib/python3.10/site-packages/transformers/trainer.py", line 2236, in _inner_training_loop
    for step, inputs in enumerate(epoch_iterator):
  File "/home/s2587130/SpeechLaughRecogniser/.venv/lib/python3.10/site-packages/accelerate/data_loader.py", line 550, in __iter__
    current_batch = next(dataloader_iter)
  File "/home/s2587130/SpeechLaughRecogniser/.venv/lib/python3.10/site-packages/torch/utils/data/dataloader.py", line 630, in __next__
    data = self._next_data()
  File "/home/s2587130/SpeechLaughRecogniser/.venv/lib/python3.10/site-packages/torch/utils/data/dataloader.py", line 1344, in _next_data
    return self._process_data(data)
  File "/home/s2587130/SpeechLaughRecogniser/.venv/lib/python3.10/site-packages/torch/utils/data/dataloader.py", line 1370, in _process_data
    data.reraise()
  File "/home/s2587130/SpeechLaughRecogniser/.venv/lib/python3.10/site-packages/torch/_utils.py", line 706, in reraise
    raise exception
ValueError: Caught ValueError in DataLoader worker process 0.
Original Traceback (most recent call last):
  File "/home/s2587130/SpeechLaughRecogniser/.venv/lib/python3.10/site-packages/transformers/feature_extraction_utils.py", line 183, in convert_to_tensors
    tensor = as_tensor(value)
  File "/home/s2587130/SpeechLaughRecogniser/.venv/lib/python3.10/site-packages/transformers/feature_extraction_utils.py", line 141, in as_tensor
    value = np.array(value)
ValueError: setting an array element with a sequence. The requested array has an inhomogeneous shape after 2 dimensions. The detected shape was (8, 80) + inhomogeneous part.

During handling of the above exception, another exception occurred:

Traceback (most recent call last):
  File "/home/s2587130/SpeechLaughRecogniser/.venv/lib/python3.10/site-packages/torch/utils/data/_utils/worker.py", line 309, in _worker_loop
    data = fetcher.fetch(index)  # type: ignore[possibly-undefined]
  File "/home/s2587130/SpeechLaughRecogniser/.venv/lib/python3.10/site-packages/torch/utils/data/_utils/fetch.py", line 55, in fetch
    return self.collate_fn(data)
  File "/home/s2587130/SpeechLaughRecogniser/modules/SpeechLaughDataCollator.py", line 48, in __call__
    batch = self.processor.feature_extractor.pad(
  File "/home/s2587130/SpeechLaughRecogniser/.venv/lib/python3.10/site-packages/transformers/feature_extraction_sequence_utils.py", line 225, in pad
    return BatchFeature(batch_outputs, tensor_type=return_tensors)
  File "/home/s2587130/SpeechLaughRecogniser/.venv/lib/python3.10/site-packages/transformers/feature_extraction_utils.py", line 79, in __init__
    self.convert_to_tensors(tensor_type=tensor_type)
  File "/home/s2587130/SpeechLaughRecogniser/.venv/lib/python3.10/site-packages/transformers/feature_extraction_utils.py", line 189, in convert_to_tensors
    raise ValueError(
ValueError: Unable to create tensor, you should probably activate padding with 'padding=True' to have batched tensors with the same length.


During handling of the above exception, another exception occurred:

Traceback (most recent call last):
  File "/home/s2587130/SpeechLaughRecogniser/SpeechLaughRecognition.py", line 703, in <module>
    SpeechLaughWhisper(args)
  File "/home/s2587130/SpeechLaughRecogniser/SpeechLaughRecognition.py", line 635, in SpeechLaughWhisper
    mp.set_start_method('none')
  File "/usr/lib/python3.10/multiprocessing/context.py", line 247, in set_start_method
    raise RuntimeError('context has already been set')
RuntimeError: context has already been set

  0%|          | 0/5000 [11:09<?, ?it/s]
